1 17
4 31
29 263
29 280
29 232
29 247
30 240
30 447
30 418
29 225
30 435
30 435
30 435
30 435
30 439
30 452
