-1 0
-1 0
-1 0
-1 0
-1 0
-1 0
-1 0
-1 0
4 4
4 4
4 6
4 6
4 6
4 6
4 6
4 6
